bun : $ next build
At line:1 char:1
+ bun run build > build_output.log 2>&1
+ ~~~~~~~~~~~~~~~~~~~~~~~~~~~~~~~~~~~~~
    + CategoryInfo          : NotSpecified: 
(    $ next build:String) [], 
RemoteException
    + FullyQualifiedErrorId : 
NativeCommandEr    ror
 
   Γû▓ Next.js 15.3.8
   - Environments: .env

   Creating an optimized production build ...
 Γ£ô Compiled successfully in 2000ms
   Skipping validation of types
   Linting ...

Failed to compile.

./app/pricing/page.tsx
4:10  Error: 'Button' is defined but never 
used.  @typescript-eslint/no-unused-vars
5:8  Error: 'Link' is defined but never 
used.  @typescript-eslint/no-unused-vars
6:10  Error: 'ArrowLeft' is defined but 
never used.  
@typescript-eslint/no-unused-vars

./app/pricing/_component/pricing-table.tsx
48:9  Error: 'hasSubscription' is assigned 
a value but never used.  
@typescript-eslint/no-unused-vars

info  - Need to disable some ESLint rules? 
Learn more here: https://nextjs.org/docs/app
/api-reference/config/eslint#disabling-rules
error: script "build" exited with code 1
